// Jest Snapshot v1, https://goo.gl/fbAQLP

exports[`snapshot PropertyCard 1`] = `undefined`;
