// Jest Snapshot v1, https://goo.gl/fbAQLP

exports[`snapshot CreateProperty 1`] = `undefined`;
