// Jest Snapshot v1, https://goo.gl/fbAQLP

exports[`snapshot EditProperty 1`] = `undefined`;
