// Jest Snapshot v1, https://goo.gl/fbAQLP

exports[`SignUp Form tests... snapshot 1`] = `
<div
  class="main-form-page-wrapper"
  data-testid="SignUpForm"
>
  <div
    class="SignupForm"
  >
    <div
      class="form-wrapper"
    >
      <h2>
        Sign Up
      </h2>
      <form
        action="#"
        class="form-element"
        data-testid="form-element"
      >
        <div
          class="input-wrapper"
        >
          <label
            for="email"
          >
            <span
              class="css-1bcyk0w"
            >
              <svg
                fill="currentColor"
                height="1em"
                stroke="currentColor"
                stroke-width="0"
                viewBox="0 0 24 24"
                width="1em"
                xmlns="http://www.w3.org/2000/svg"
              >
                <path
                  d="M20 4H4c-1.1 0-1.99.9-1.99 2L2 18c0 1.1.9 2 2 2h16c1.1 0 2-.9 2-2V6c0-1.1-.9-2-2-2zm0 4l-8 5-8-5V6l8 5 8-5v2z"
                />
              </svg>
            </span>
             
            Email
          </label>
          <input
            name="email"
            placeholder="Enter your email address"
            type="email"
            value=""
          />
        </div>
        <div
          class="input-wrapper"
        >
          <label
            for="email"
          >
            <span
              class="css-1bcyk0w"
            >
              <svg
                fill="currentColor"
                height="1em"
                stroke="currentColor"
                stroke-width="0"
                viewBox="0 0 24 24"
                width="1em"
                xmlns="http://www.w3.org/2000/svg"
              >
                <path
                  d="M18 8h-1V6c0-2.76-2.24-5-5-5S7 3.24 7 6v2H6c-1.1 0-2 .9-2 2v10c0 1.1.9 2 2 2h12c1.1 0 2-.9 2-2V10c0-1.1-.9-2-2-2zm-6 9c-1.1 0-2-.9-2-2s.9-2 2-2 2 .9 2 2-.9 2-2 2zm3.1-9H8.9V6c0-1.71 1.39-3.1 3.1-3.1 1.71 0 3.1 1.39 3.1 3.1v2z"
                />
              </svg>
            </span>
             
            Password
          </label>
          <input
            name="password"
            placeholder="Enter your password"
            type="password"
            value=""
          />
        </div>
        <div
          class="input-wrapper"
        >
          <label
            for="email"
          >
            <span
              class="css-1bcyk0w"
            >
              <svg
                fill="currentColor"
                height="1em"
                stroke="currentColor"
                stroke-width="0"
                viewBox="0 0 24 24"
                width="1em"
                xmlns="http://www.w3.org/2000/svg"
              >
                <path
                  d="M18 8h-1V6c0-2.76-2.24-5-5-5S7 3.24 7 6v2H6c-1.1 0-2 .9-2 2v10c0 1.1.9 2 2 2h12c1.1 0 2-.9 2-2V10c0-1.1-.9-2-2-2zm-6 9c-1.1 0-2-.9-2-2s.9-2 2-2 2 .9 2 2-.9 2-2 2zm3.1-9H8.9V6c0-1.71 1.39-3.1 3.1-3.1 1.71 0 3.1 1.39 3.1 3.1v2z"
                />
              </svg>
            </span>
             
            Confirm Password
          </label>
          <input
            name="passwordConfirmation"
            placeholder="Re-enter your password"
            type="password"
            value=""
          />
        </div>
        <div
          class="input-wrapper"
        >
          <label
            for="type"
          >
            <span
              class="css-1bcyk0w"
            >
              <svg
                fill="currentColor"
                height="1em"
                stroke="currentColor"
                stroke-width="0"
                viewBox="0 0 24 24"
                width="1em"
                xmlns="http://www.w3.org/2000/svg"
              >
                <path
                  d="M16.5 12c1.38 0 2.49-1.12 2.49-2.5S17.88 7 16.5 7C15.12 7 14 8.12 14 9.5s1.12 2.5 2.5 2.5zM9 11c1.66 0 2.99-1.34 2.99-3S10.66 5 9 5C7.34 5 6 6.34 6 8s1.34 3 3 3zm7.5 3c-1.83 0-5.5.92-5.5 2.75V19h11v-2.25c0-1.83-3.67-2.75-5.5-2.75zM9 13c-2.33 0-7 1.17-7 3.5V19h7v-2.25c0-.85.33-2.34 2.37-3.47C10.5 13.1 9.66 13 9 13z"
                />
              </svg>
            </span>
             
            User Type
          </label>
          <div
            class="MuiFormControl-root MuiTextField-root"
            data-testid="userType"
          >
            <label
              class="MuiFormLabel-root MuiInputLabel-root MuiInputLabel-formControl MuiInputLabel-animated"
              data-shrink="false"
            >
              Type
            </label>
            <div
              class="MuiInputBase-root MuiInput-root MuiInput-underline MuiInputBase-formControl MuiInput-formControl"
            >
              <div
                aria-haspopup="listbox"
                aria-labelledby=" mui-component-select-userType"
                class="MuiSelect-root MuiSelect-select MuiSelect-selectMenu MuiInputBase-input MuiInput-input"
                id="mui-component-select-userType"
                role="button"
                tabindex="0"
              >
                <span>
                  â€‹
                </span>
              </div>
              <input
                name="userType"
                type="hidden"
                value=""
              />
              <svg
                aria-hidden="true"
                class="MuiSvgIcon-root MuiSelect-icon"
                focusable="false"
                role="presentation"
                viewBox="0 0 24 24"
              >
                <path
                  d="M7 10l5 5 5-5z"
                />
              </svg>
            </div>
          </div>
        </div>
        <div
          class="submit-btn-wrapper"
        >
          <button
            class="btn"
            data-testid="submit-btn"
            type="submit"
          >
            Submit
          </button>
        </div>
        <div
          class="css-1glmex"
        >
          <button
            class="flip"
            type="button"
          >
            Have an Account?
          </button>
        </div>
      </form>
    </div>
  </div>
</div>
`;
