// Jest Snapshot v1, https://goo.gl/fbAQLP

exports[`snapshot ListLandlord 1`] = `undefined`;
