// Jest Snapshot v1, https://goo.gl/fbAQLP

exports[`snapshot ListTenant 1`] = `undefined`;
