// Jest Snapshot v1, https://goo.gl/fbAQLP

exports[`snapshot Navigation 1`] = `undefined`;
