// Jest Snapshot v1, https://goo.gl/fbAQLP

exports[`snapshot SideNav 1`] = `undefined`;
