// Jest Snapshot v1, https://goo.gl/fbAQLP

exports[`snapshot 1`] = `
<div
  class="contact-form-card"
>
  <h2
    class="desktop-form"
  >
    Contact Us
  </h2>
  <form
    action="#"
    data-testid="form-element"
  >
    <input
      name="bot-field"
      type="hidden"
      value=""
    />
    <input
      name="contact"
      type="hidden"
      value=""
    />
    <div
      class="input-wrapper"
    >
      <label
        for="name"
      >
        <span
          class="css-1bcyk0w"
        >
          <svg
            fill="currentColor"
            height="1em"
            stroke="currentColor"
            stroke-width="0"
            viewBox="0 0 24 24"
            width="1em"
            xmlns="http://www.w3.org/2000/svg"
          >
            <path
              d="M12 12c2.21 0 4-1.79 4-4s-1.79-4-4-4-4 1.79-4 4 1.79 4 4 4zm0 2c-2.67 0-8 1.34-8 4v2h16v-2c0-2.66-5.33-4-8-4z"
            />
          </svg>
        </span>
         
        Name
      </label>
      <input
        name="name"
        placeholder="Enter your name *"
        type="text"
        value=""
      />
    </div>
    <div
      class="input-wrapper"
    >
      <label
        for="email"
      >
        <span
          class="css-1bcyk0w"
        >
          <svg
            fill="currentColor"
            height="1em"
            stroke="currentColor"
            stroke-width="0"
            viewBox="0 0 24 24"
            width="1em"
            xmlns="http://www.w3.org/2000/svg"
          >
            <path
              d="M20 4H4c-1.1 0-1.99.9-1.99 2L2 18c0 1.1.9 2 2 2h16c1.1 0 2-.9 2-2V6c0-1.1-.9-2-2-2zm0 4l-8 5-8-5V6l8 5 8-5v2z"
            />
          </svg>
        </span>
         
        Email
      </label>
      <input
        name="email"
        placeholder="Enter your email address *"
        type="email"
        value=""
      />
    </div>
    <div
      class="input-wrapper"
    >
      <label
        for="message"
      >
        <span
          class="css-1bcyk0w"
        >
          <svg
            fill="currentColor"
            height="1em"
            stroke="currentColor"
            stroke-width="0"
            viewBox="0 0 24 24"
            width="1em"
            xmlns="http://www.w3.org/2000/svg"
          >
            <path
              d="M20 2H4c-1.1 0-1.99.9-1.99 2L2 22l4-4h14c1.1 0 2-.9 2-2V4c0-1.1-.9-2-2-2zm-2 12H6v-2h12v2zm0-3H6V9h12v2zm0-3H6V6h12v2z"
            />
          </svg>
        </span>
         
        Message
      </label>
      <textarea
        name="message"
        placeholder="Enter your message *"
        rows="4"
        type="text"
      />
    </div>
    <div
      class="submit-btn-wrapper"
    >
      <button
        class="btn button"
        data-testid="contactBtn"
        type="submit"
      >
        Submit
      </button>
    </div>
  </form>
</div>
`;
