// Jest Snapshot v1, https://goo.gl/fbAQLP

exports[`SignUp Form tests... snapshot 1`] = `
<div
  class="main-form-page-wrapper"
  data-testid="LoginForm"
>
  <div
    class="LoginForm"
  >
    <div
      class="form-wrapper"
    >
      <h2>
        Login
      </h2>
      <form
        action="#"
        class="form-element"
        data-testid="form-element"
      >
        <div
          class="input-wrapper"
        >
          <label
            for="email"
          >
            <span
              class="css-1bcyk0w"
            >
              <svg
                fill="currentColor"
                height="1em"
                stroke="currentColor"
                stroke-width="0"
                viewBox="0 0 24 24"
                width="1em"
                xmlns="http://www.w3.org/2000/svg"
              >
                <path
                  d="M20 4H4c-1.1 0-1.99.9-1.99 2L2 18c0 1.1.9 2 2 2h16c1.1 0 2-.9 2-2V6c0-1.1-.9-2-2-2zm0 4l-8 5-8-5V6l8 5 8-5v2z"
                />
              </svg>
            </span>
             
            Email
          </label>
          <input
            name="email"
            placeholder="Enter your email address"
            type="email"
            value=""
          />
        </div>
        <div
          class="input-wrapper"
        >
          <label
            for="Password"
          >
            <span
              class="css-1bcyk0w"
            >
              <svg
                fill="currentColor"
                height="1em"
                stroke="currentColor"
                stroke-width="0"
                viewBox="0 0 24 24"
                width="1em"
                xmlns="http://www.w3.org/2000/svg"
              >
                <path
                  d="M18 8h-1V6c0-2.76-2.24-5-5-5S7 3.24 7 6v2H6c-1.1 0-2 .9-2 2v10c0 1.1.9 2 2 2h12c1.1 0 2-.9 2-2V10c0-1.1-.9-2-2-2zm-6 9c-1.1 0-2-.9-2-2s.9-2 2-2 2 .9 2 2-.9 2-2 2zm3.1-9H8.9V6c0-1.71 1.39-3.1 3.1-3.1 1.71 0 3.1 1.39 3.1 3.1v2z"
                />
              </svg>
            </span>
             
            Password
          </label>
          <input
            name="password"
            placeholder="Type your password"
            type="password"
            value=""
          />
        </div>
        <div
          class="submit-btn-wrapper"
        >
          <button
            class="btn"
            data-testid="submit-btn"
            type="submit"
          >
            Submit
          </button>
          <a
            href="/iamareallyforgetfulperson"
          >
            Forgot your password?
          </a>
        </div>
        <div
          class="css-1glmex"
        >
          <p
            class="css-1tqdaz3"
          >
            Don't have an account?
          </p>
          <button
            class="flip"
            type="button"
          >
            Sign Up
          </button>
        </div>
      </form>
    </div>
  </div>
</div>
`;
